exports[`test <HeaderRight /> renders correctly 1`] = `
<ul
  className="ul">
  <li>
    <MediaButton
      className="tab" />
  </li>
  <li>
    <ResultQuickVoteOf
      activeClassName="activeTab"
      className="tab"
      dispatch={[Function]} />
  </li>
  <li>
    <button
      className="tab"
      onClick={[Function]}>
      <Icon
        className="usersIcon"
        glyph="test-file-stub" />
      5
    </button>
  </li>
  <li
    className="dropdown">
    <button
      className="tab">
      ☰
    </button>
    <div
      className="dropdownContent">
      <button
        className="tab"
        onClick={[Function]}>
        Выйти
      </button>
    </div>
  </li>
</ul>
`;
