exports[`test <HeaderLeft /> renders correctly 1`] = `
<ul
  className="ul">
  <HeaderTab
    dispatch={[Function]}
    isCurrentTab={false}
    roomName="SHARING"
    user={
      Object {
        "id": "1",
        "master": true,
        "name": "User",
      }
    }>
    Шеринг
  </HeaderTab>
  <HeaderTab
    dispatch={[Function]}
    isCurrentTab={true}
    roomName="MEDIA"
    user={
      Object {
        "id": "1",
        "master": true,
        "name": "User",
      }
    }>
    Медиа
  </HeaderTab>
  <HeaderTab
    dispatch={[Function]}
    isCurrentTab={false}
    roomName="CHAT"
    user={
      Object {
        "id": "1",
        "master": true,
        "name": "User",
      }
    }>
    Беседка
  </HeaderTab>
  <HeaderTab
    dispatch={[Function]}
    isCurrentTab={false}
    roomName="WHITEBOARD"
    user={
      Object {
        "id": "1",
        "master": true,
        "name": "User",
      }
    }>
    Доска
  </HeaderTab>
</ul>
`;
