exports[`test <HeaderLeft /> renders correctly 1`] = `
<ul
  className="ul">
  <li>
    <button
      className="tab"
      onClick={[Function]}>
      SHARING
    </button>
  </li>
  <li>
    <button
      className="tabCurrent"
      onClick={[Function]}>
      VIDEO
    </button>
  </li>
  <li>
    <button
      className="tab"
      onClick={[Function]}>
      CHAT
    </button>
  </li>
  <li>
    <button
      className="tab"
      onClick={[Function]}>
      WHITEBOARD
    </button>
  </li>
</ul>
`;
